// Jest Snapshot v1, https://goo.gl/fbAQLP

exports[`Given the Title component when it is rendered should match the snapshot 1`] = `
Array [
  <header>
    <style
      dangerouslySetInnerHTML={
        Object {
          "__html": ".css-vxgrp0{display:-webkit-box;display:-webkit-flex;display:-ms-flexbox;display:flex;-webkit-box-pack:justify;-webkit-justify-content:space-between;justify-content:space-between;-webkit-box-flex-wrap:wrap;-webkit-flex-wrap:wrap;-ms-flex-wrap:wrap;flex-wrap:wrap;}",
        }
      }
      data-emotion="css vxgrp0"
    />
    <div
      className="css-vxgrp0"
    >
      <style
        dangerouslySetInnerHTML={
          Object {
            "__html": ".css-kzjg2w{-webkit-flex:1;-ms-flex:1;flex:1;margin-bottom:10px;}",
          }
        }
        data-emotion="css kzjg2w"
      />
      <div
        className="css-kzjg2w"
      />
      <aside
        className="css-0"
      />
    </div>
  </header>,
  <section />,
]
`;
